fun1
fun2
fun3
fun4
direct
indirect
indirect
indirect
indirect
indirect
indirect
indirect
hello
hello
hello
hello
hello
hello
hello
hello
hello
hello
hello
hello
