'60' '61' '158' '62' '61' '157' '33' '61' '149' '38' '38' '144' '124' '124' '145' '43' '43' '130' '45' '45' '128' '61' '61' '148' '60' '60' '60' '62' '62' '62' '43' '61' '176' '45' '61' '177' '42' '61' '178' '47' '61' '179' '37' '61' '180' '38' '61' '181' '94' '61' '183' '124' '61' '182' '45' '62' '160' '46' '46' '162' '35' '35' '163' '0' 
1 2 3 4 
1 204 0 0 
1 2 3 4 
42
'1' '101' '3' '4' '33' 
'97' '98' '99' '100' '101' '0' 
1 2
1 0
1 2
4321 123
12000 110
42 39
32 23
0 0
123 432131
4311 53141
5311 421313
2131321
12321 21321
0 0
0 0
421321431
231321 4531321
0 0
0 0
0
