13 29
13 29
1 2 3 4 
1 204 0 0 
1 2 3 4 
42
'1' '101' '3' '4' '33' 
'97' '98' '99' '100' '101' '0' 
1 2
1 0
1 2
4321 123
12000 110
42 39
32 23
0 0
123 432131
4311 53141
5311 421313
2131321
12321 21321
0 0
0 0
421321431
231321 4531321
0 0
0 0
0
