

DABCD
DABCD
ABC
AABCA
-D-AB-D-C-D-
-D-CAB-D-CC-D-C
A
CE
ABCE
ABCDE
DT
BCDEFGHABCDEFGH
ABA
EE
