tests/_all/preprocessor/macro/recursion-limit-error.c:215:11  Macro recursion depth exceeded.
