3a40f68bc01b2ae9853ff898b097cfe6b74e558d00d4bb740dbd7b10a171734d  tests/_all/examples/sha256sum.c
