a != (char) a
a != (short) a
a == (int) a
a == (long) a
