tests/_sh/checks/break_outside_loop.c:5:0  comp_statement: break not in loop or switch
