tests/_sh/checks/initializer_too_large_str.c:3:0  Array type is too small for initializer
