tests/_sh/checks/initializer_nested.c:2:14  nested initializer lists not supported
