"a" variable: tests/_sh/checks/local_struct_param.c:10:0  array/struct value type is not supported for shell backend. Use a reference type instead.
