tests/_sh/checks/sizeof_expr.c:5:0  comp_rvalue_go: sizeof is not supported for this type or expression
