tests/_sh/checks/static_vars.c:8:0  Extern and static storage class specifier not supported on local variables
