tests/_sh/checks/struct_no_nested_array.c:7:0  Nested structures not supported by shell backend. Use a reference type instead.
