jo jno jb jc jnae jnb jnc jae je jz jne jnz jbe jna jnbe ja js jns jp jpe jnp jpo jl jnge jnl jge jle jng jnle jg
abcdef
abcdef
